Archive member included to satisfy reference by file (symbol)

/courses/TDDI11/sw/lib/elf/libepc.a(init-cpu.o)
                              (start)
/courses/TDDI11/sw/lib/elf/libepc.a(init-idt.o)
                              /courses/TDDI11/sw/lib/elf/libepc.a(init-cpu.o) (Init_IDT)
/courses/TDDI11/sw/lib/elf/libepc.a(init-crt.o)
                              /courses/TDDI11/sw/lib/elf/libepc.a(init-cpu.o) (Init_CRT)
/courses/TDDI11/sw/lib/elf/libepc.a(display.o)
                              main.o (SetCursorPosition)
/courses/TDDI11/sw/lib/elf/libepc.a(timer.o)
                              main.o (Milliseconds)
/courses/TDDI11/sw/lib/elf/libepc.a(init8259.o)
                              /courses/TDDI11/sw/lib/elf/libepc.a(init-cpu.o) (Init8259)
/courses/TDDI11/sw/lib/elf/libepc.a(init8253.o)
                              /courses/TDDI11/sw/lib/elf/libepc.a(init-cpu.o) (Init8253)
/courses/TDDI11/sw/lib/elf/libepc.a(cycles.o)
                              main.o (CPU_Clock_Cycles)
/courses/TDDI11/sw/lib/elf/libepc.a(checkcpu.o)
                              /courses/TDDI11/sw/lib/elf/libepc.a(init-cpu.o) (Check_CPU)
/courses/TDDI11/sw/lib/elf/libepc.a(io.o)
                              /courses/TDDI11/sw/lib/elf/libepc.a(timer.o) (msec)
/courses/TDDI11/sw/lib/elf/libepc.a(keyboard.o)
                              /courses/TDDI11/sw/lib/elf/libepc.a(io.o) (Enqueue)
/courses/TDDI11/sw/i386-elf-gcc-7.3.0/lib/gcc/i386-elf/7.3.0/libgcc.a(_udivdi3.o)
                              main.o (__udivdi3)

Discarded input sections

 .eh_frame      0x0000000000000000       0x48 main.o
 .eh_frame      0x0000000000000000       0x84 /courses/TDDI11/sw/i386-elf-gcc-7.3.0/lib/gcc/i386-elf/7.3.0/libgcc.a(_udivdi3.o)

Memory Configuration

Name             Origin             Length             Attributes
conventional     0x0000000000000000 0x00000000000a0000
reserved         0x00000000000a0000 0x0000000000060000
extended         0x0000000000100000 0x00000000fff00000
*default*        0x0000000000000000 0xffffffffffffffff

Linker script and memory map

LOAD main.o
LOAD /courses/TDDI11/sw/lib/elf/libepc.a
LOAD /courses/TDDI11/sw/lib/elf/djgpp/libc.a
LOAD /courses/TDDI11/sw/i386-elf-gcc-7.3.0/lib/gcc/i386-elf/7.3.0/libgcc.a

.text           0x0000000000000000     0x1af3
                0x0000000000000000                text_frst = .
 *(.start)
 .start         0x0000000000000000        0x8 /courses/TDDI11/sw/lib/elf/libepc.a(init-cpu.o)
                0x0000000000000000                start
 *(.init)
 *(.text)
 .text          0x0000000000000008      0x2c1 main.o
                0x0000000000000008                main
 *fill*         0x00000000000002c9        0x3 
 .text          0x00000000000002cc       0x50 /courses/TDDI11/sw/lib/elf/libepc.a(init-cpu.o)
                0x00000000000002cc                Init_CPU
 .text          0x000000000000031c      0x5a0 /courses/TDDI11/sw/lib/elf/libepc.a(init-idt.o)
                0x000000000000072c                IRQ2INT
                0x0000000000000740                _GetISR
                0x0000000000000784                SetISR
                0x00000000000007bc                Init_IDT
 .text          0x00000000000008bc      0x110 /courses/TDDI11/sw/lib/elf/libepc.a(init-crt.o)
                0x00000000000008bc                Init_CRT
                0x00000000000008f0                _LastMemoryAddress
 .text          0x00000000000009cc      0x6e0 /courses/TDDI11/sw/lib/elf/libepc.a(display.o)
                0x00000000000009cc                SetCursorVisible
                0x0000000000000a50                _GetCursorRow
                0x0000000000000a64                _GetCursorCol
                0x0000000000000a78                SetCursorPosition
                0x0000000000000b1c                ClearScreen
                0x0000000000000b84                _PutAttb
                0x0000000000000bd0                _PutCharAt
                0x0000000000000bfc                _PutChar
                0x0000000000000c80                PutString
                0x0000000000000cb8                PutUnsigned
                0x0000000000000cf0                FormatUnsigned
                0x0000000000000d80                Unsigned2Ascii
                0x0000000000000e04                _Cell
 .text          0x00000000000010ac       0xe0 /courses/TDDI11/sw/lib/elf/libepc.a(timer.o)
                0x0000000000001134                Milliseconds
                0x0000000000001150                Now_Plus
 .text          0x000000000000118c       0xe0 /courses/TDDI11/sw/lib/elf/libepc.a(init8259.o)
                0x000000000000118c                Init8259
 .text          0x000000000000126c       0xb0 /courses/TDDI11/sw/lib/elf/libepc.a(init8253.o)
                0x000000000000126c                Init8253
 .text          0x000000000000131c       0x70 /courses/TDDI11/sw/lib/elf/libepc.a(cycles.o)
                0x000000000000131c                CPU_Clock_Cycles
 .text          0x000000000000138c       0x98 /courses/TDDI11/sw/lib/elf/libepc.a(checkcpu.o)
                0x000000000000138c                Check_CPU
 .text          0x0000000000001424       0x60 /courses/TDDI11/sw/lib/elf/libepc.a(io.o)
                0x0000000000001424                TimerTickISR
                0x0000000000001430                KeyboardISR
                0x0000000000001450                ISR_PIC1
                0x0000000000001457                ISR_PIC2
                0x0000000000001460                ___main
                0x0000000000001461                inportb
                0x000000000000146b                outportb
                0x000000000000147d                _exit
 .text          0x0000000000001484      0x570 /courses/TDDI11/sw/lib/elf/libepc.a(keyboard.o)
                0x0000000000001484                ScanCodeRdy
                0x00000000000014a8                GetScanCode
                0x00000000000014d8                ScanCode2Ascii
                0x0000000000001698                SetsKybdState
                0x0000000000001888                Enqueue
 .text          0x00000000000019f4       0xff /courses/TDDI11/sw/i386-elf-gcc-7.3.0/lib/gcc/i386-elf/7.3.0/libgcc.a(_udivdi3.o)
                0x00000000000019f4                __udivdi3
                0x0000000000001af2                text_last = (. - 0x1)

.data           0x0000000000001af4      0x6dd
                0x0000000000001af4                data_frst = .
 *(.data)
 .data          0x0000000000001af4        0x0 main.o
 .data          0x0000000000001af4       0x20 /courses/TDDI11/sw/lib/elf/libepc.a(init-cpu.o)
                0x0000000000001b12                code_selector
 .data          0x0000000000001b14       0x90 /courses/TDDI11/sw/lib/elf/libepc.a(init-idt.o)
 .data          0x0000000000001ba4       0x10 /courses/TDDI11/sw/lib/elf/libepc.a(init-crt.o)
 .data          0x0000000000001bb4       0x30 /courses/TDDI11/sw/lib/elf/libepc.a(display.o)
 .data          0x0000000000001be4       0x10 /courses/TDDI11/sw/lib/elf/libepc.a(timer.o)
 .data          0x0000000000001bf4        0x0 /courses/TDDI11/sw/lib/elf/libepc.a(init8259.o)
 .data          0x0000000000001bf4        0x0 /courses/TDDI11/sw/lib/elf/libepc.a(init8253.o)
 .data          0x0000000000001bf4        0x4 /courses/TDDI11/sw/lib/elf/libepc.a(cycles.o)
 .data          0x0000000000001bf8        0xc /courses/TDDI11/sw/lib/elf/libepc.a(io.o)
                0x0000000000001bf8                msec
                0x0000000000001bfc                old_tick_isr
                0x0000000000001c00                old_kybd_isr
 .data          0x0000000000001c04      0x5a0 /courses/TDDI11/sw/lib/elf/libepc.a(keyboard.o)
 .data          0x00000000000021a4        0x0 /courses/TDDI11/sw/i386-elf-gcc-7.3.0/lib/gcc/i386-elf/7.3.0/libgcc.a(_udivdi3.o)
 *(.rodata)
 .rodata        0x00000000000021a4       0x2d main.o
 *(.rodata.str1.1)
 *(.rodata.str1.32)
                0x00000000000021d0                data_last = (. - 0x1)

.bss            0x00000000000021d4      0x83c
                0x00000000000021d4                bss_frst = .
 *(.bss)
 .bss           0x00000000000021d4        0x0 main.o
 .bss           0x00000000000021d4      0x800 /courses/TDDI11/sw/lib/elf/libepc.a(init-idt.o)
 .bss           0x00000000000029d4        0x0 /courses/TDDI11/sw/lib/elf/libepc.a(init-crt.o)
 .bss           0x00000000000029d4        0x8 /courses/TDDI11/sw/lib/elf/libepc.a(display.o)
 .bss           0x00000000000029dc        0x0 /courses/TDDI11/sw/lib/elf/libepc.a(timer.o)
 .bss           0x00000000000029dc        0x0 /courses/TDDI11/sw/lib/elf/libepc.a(init8259.o)
 .bss           0x00000000000029dc        0x0 /courses/TDDI11/sw/lib/elf/libepc.a(init8253.o)
 .bss           0x00000000000029dc       0x34 /courses/TDDI11/sw/lib/elf/libepc.a(keyboard.o)
 .bss           0x0000000000002a10        0x0 /courses/TDDI11/sw/i386-elf-gcc-7.3.0/lib/gcc/i386-elf/7.3.0/libgcc.a(_udivdi3.o)
 *(COMMON)
                0x0000000000002a0f                bss_last = (. - 0x1)

/DISCARD/
 *(.eh_frame)
                0x0000000000002a10                stack_frst = (bss_last + 0x1)
                0x000000000000aa0f                stack_last = (bss_last + 0x8000)
                0x000000000000aa10                heap_frst = (stack_last + 0x1)
OUTPUT(embedded.bin binary)

.debug_info     0x0000000000000000      0xb56
 .debug_info    0x0000000000000000      0x127 main.o
 .debug_info    0x0000000000000127      0xa2f /courses/TDDI11/sw/i386-elf-gcc-7.3.0/lib/gcc/i386-elf/7.3.0/libgcc.a(_udivdi3.o)

.debug_abbrev   0x0000000000000000      0x297
 .debug_abbrev  0x0000000000000000       0x92 main.o
 .debug_abbrev  0x0000000000000092      0x205 /courses/TDDI11/sw/i386-elf-gcc-7.3.0/lib/gcc/i386-elf/7.3.0/libgcc.a(_udivdi3.o)

.debug_aranges  0x0000000000000000       0x40
 .debug_aranges
                0x0000000000000000       0x20 main.o
 .debug_aranges
                0x0000000000000020       0x20 /courses/TDDI11/sw/i386-elf-gcc-7.3.0/lib/gcc/i386-elf/7.3.0/libgcc.a(_udivdi3.o)

.debug_line     0x0000000000000000      0x1f3
 .debug_line    0x0000000000000000       0xbc main.o
 .debug_line    0x00000000000000bc      0x137 /courses/TDDI11/sw/i386-elf-gcc-7.3.0/lib/gcc/i386-elf/7.3.0/libgcc.a(_udivdi3.o)

.debug_str      0x0000000000000000      0xb84
 .debug_str     0x0000000000000000       0xf4 main.o
 .debug_str     0x00000000000000f4      0xa90 /courses/TDDI11/sw/i386-elf-gcc-7.3.0/lib/gcc/i386-elf/7.3.0/libgcc.a(_udivdi3.o)

.comment        0x0000000000000000       0x24
 .comment       0x0000000000000000       0x12 main.o
 .comment       0x0000000000000012       0x12 /courses/TDDI11/sw/i386-elf-gcc-7.3.0/lib/gcc/i386-elf/7.3.0/libgcc.a(_udivdi3.o)

.debug_loc      0x0000000000000000      0x691
 .debug_loc     0x0000000000000000      0x691 /courses/TDDI11/sw/i386-elf-gcc-7.3.0/lib/gcc/i386-elf/7.3.0/libgcc.a(_udivdi3.o)

.debug_ranges   0x0000000000000000       0x28
 .debug_ranges  0x0000000000000000       0x28 /courses/TDDI11/sw/i386-elf-gcc-7.3.0/lib/gcc/i386-elf/7.3.0/libgcc.a(_udivdi3.o)
